   1              	 .cpu cortex-m0
   2              	 .fpu softvfp
   3              	 .eabi_attribute 20,1
   4              	 .eabi_attribute 21,1
   5              	 .eabi_attribute 23,3
   6              	 .eabi_attribute 24,1
   7              	 .eabi_attribute 25,1
   8              	 .eabi_attribute 26,1
   9              	 .eabi_attribute 30,4
  10              	 .eabi_attribute 34,0
  11              	 .eabi_attribute 18,4
  12              	 .code 16
  13              	 .file "xmc_ccu4.c"
  14              	 .section .text.XMC_CCU4_lUngateClock,"ax",%progbits
  15              	 .align 1
  16              	 .code 16
  17              	 .thumb_func
  19              	XMC_CCU4_lUngateClock:
  20 0000 08B5     	 push {r3,lr}
  21 0002 064B     	 ldr r3,.L6
  22 0004 9842     	 cmp r0,r3
  23 0006 01D1     	 bne .L2
  24 0008 0420     	 mov r0,#4
  25 000a 04E0     	 b .L4
  26              	.L2:
  27 000c 044B     	 ldr r3,.L6+4
  28 000e 9842     	 cmp r0,r3
  29 0010 03D1     	 bne .L1
  30 0012 8020     	 mov r0,#128
  31 0014 8002     	 lsl r0,r0,#10
  32              	.L4:
  33 0016 FFF7FEFF 	 bl XMC_SCU_CLOCK_UngatePeripheralClock
  34              	.L1:
  35              	 
  36 001a 08BD     	 pop {r3,pc}
  37              	.L7:
  38              	 .align 2
  39              	.L6:
  40 001c 00000448 	 .word 1208221696
  41 0020 00400448 	 .word 1208238080
  43              	 .section .text.XMC_CCU4_EnableModule,"ax",%progbits
  44              	 .align 1
  45              	 .global XMC_CCU4_EnableModule
  46              	 .code 16
  47              	 .thumb_func
  49              	XMC_CCU4_EnableModule:
  50 0000 08B5     	 push {r3,lr}
  51 0002 FFF7FEFF 	 bl XMC_CCU4_lUngateClock
  52              	 
  53 0006 08BD     	 pop {r3,pc}
  55              	 .section .text.XMC_CCU4_DisableModule,"ax",%progbits
  56              	 .align 1
  57              	 .global XMC_CCU4_DisableModule
  58              	 .code 16
  59              	 .thumb_func
  61              	XMC_CCU4_DisableModule:
  62 0000 08B5     	 push {r3,lr}
  63 0002 064B     	 ldr r3,.L13
  64 0004 9842     	 cmp r0,r3
  65 0006 01D1     	 bne .L10
  66 0008 0420     	 mov r0,#4
  67 000a 04E0     	 b .L12
  68              	.L10:
  69 000c 044B     	 ldr r3,.L13+4
  70 000e 9842     	 cmp r0,r3
  71 0010 03D1     	 bne .L9
  72 0012 8020     	 mov r0,#128
  73 0014 8002     	 lsl r0,r0,#10
  74              	.L12:
  75 0016 FFF7FEFF 	 bl XMC_SCU_CLOCK_GatePeripheralClock
  76              	.L9:
  77              	 
  78 001a 08BD     	 pop {r3,pc}
  79              	.L14:
  80              	 .align 2
  81              	.L13:
  82 001c 00000448 	 .word 1208221696
  83 0020 00400448 	 .word 1208238080
  85              	 .section .text.XMC_CCU4_Init,"ax",%progbits
  86              	 .align 1
  87              	 .global XMC_CCU4_Init
  88              	 .code 16
  89              	 .thumb_func
  91              	XMC_CCU4_Init:
  92 0000 38B5     	 push {r3,r4,r5,lr}
  93 0002 041C     	 mov r4,r0
  94 0004 0D1C     	 mov r5,r1
  95 0006 FFF7FEFF 	 bl XMC_CCU4_lUngateClock
  96 000a 8023     	 mov r3,#128
  97 000c 5B00     	 lsl r3,r3,#1
  98 000e E360     	 str r3,[r4,#12]
  99 0010 2168     	 ldr r1,[r4]
 100 0012 034B     	 ldr r3,.L16
 101              	 
 102 0014 0B40     	 and r3,r1
 103 0016 A903     	 lsl r1,r5,#14
 104 0018 1943     	 orr r1,r3
 105 001a 2160     	 str r1,[r4]
 106 001c 38BD     	 pop {r3,r4,r5,pc}
 107              	.L17:
 108 001e C046     	 .align 2
 109              	.L16:
 110 0020 FF3FFFFF 	 .word -49153
 112              	 .section .text.XMC_CCU4_SetModuleClock,"ax",%progbits
 113              	 .align 1
 114              	 .global XMC_CCU4_SetModuleClock
 115              	 .code 16
 116              	 .thumb_func
 118              	XMC_CCU4_SetModuleClock:
 119 0000 3022     	 mov r2,#48
 120 0002 0368     	 ldr r3,[r0]
 121 0004 0901     	 lsl r1,r1,#4
 122 0006 9343     	 bic r3,r2
 123 0008 1943     	 orr r1,r3
 124 000a 0160     	 str r1,[r0]
 125              	 
 126 000c 7047     	 bx lr
 128              	 .section .text.XMC_CCU4_SetMultiChannelShadowTransferMode,"ax",%progbits
 129              	 .align 1
 130              	 .global XMC_CCU4_SetMultiChannelShadowTransferMode
 131              	 .code 16
 132              	 .thumb_func
 134              	XMC_CCU4_SetMultiChannelShadowTransferMode:
 135 0000 0368     	 ldr r3,[r0]
 136 0002 0A0C     	 lsr r2,r1,#16
 137 0004 9343     	 bic r3,r2
 138 0006 89B2     	 uxth r1,r1
 139 0008 1943     	 orr r1,r3
 140 000a 0160     	 str r1,[r0]
 141              	 
 142 000c 7047     	 bx lr
 144              	 .section .text.XMC_CCU4_SLICE_CompareInit,"ax",%progbits
 145              	 .align 1
 146              	 .global XMC_CCU4_SLICE_CompareInit
 147              	 .code 16
 148              	 .thumb_func
 150              	XMC_CCU4_SLICE_CompareInit:
 151 0000 0B68     	 ldr r3,[r1]
 152              	 
 153 0002 4361     	 str r3,[r0,#20]
 154 0004 4B79     	 ldrb r3,[r1,#5]
 155 0006 9B06     	 lsl r3,r3,#26
 156 0008 DB0F     	 lsr r3,r3,#31
 157 000a 1B05     	 lsl r3,r3,#20
 158 000c 4360     	 str r3,[r0,#4]
 159 000e 0B79     	 ldrb r3,[r1,#4]
 160 0010 1B07     	 lsl r3,r3,#28
 161 0012 1B0F     	 lsr r3,r3,#28
 162 0014 4362     	 str r3,[r0,#36]
 163 0016 4B79     	 ldrb r3,[r1,#5]
 164 0018 1B07     	 lsl r3,r3,#28
 165 001a 1B0F     	 lsr r3,r3,#28
 166 001c 0362     	 str r3,[r0,#32]
 167 001e 4B79     	 ldrb r3,[r1,#5]
 168 0020 DB06     	 lsl r3,r3,#27
 169 0022 DB0F     	 lsr r3,r3,#31
 170 0024 8361     	 str r3,[r0,#24]
 171 0026 0B79     	 ldrb r3,[r1,#4]
 172 0028 1B09     	 lsr r3,r3,#4
 173 002a C362     	 str r3,[r0,#44]
 174 002c 7047     	 bx lr
 176              	 .section .text.XMC_CCU4_SLICE_CaptureInit,"ax",%progbits
 177              	 .align 1
 178              	 .global XMC_CCU4_SLICE_CaptureInit
 179              	 .code 16
 180              	 .thumb_func
 182              	XMC_CCU4_SLICE_CaptureInit:
 183 0000 0B68     	 ldr r3,[r1]
 184              	 
 185 0002 4361     	 str r3,[r0,#20]
 186 0004 4B79     	 ldrb r3,[r1,#5]
 187 0006 DB07     	 lsl r3,r3,#31
 188 0008 DB0F     	 lsr r3,r3,#31
 189 000a DBB2     	 uxtb r3,r3
 190 000c 1B05     	 lsl r3,r3,#20
 191 000e 4360     	 str r3,[r0,#4]
 192 0010 0B79     	 ldrb r3,[r1,#4]
 193 0012 1B07     	 lsl r3,r3,#28
 194 0014 1B0F     	 lsr r3,r3,#28
 195 0016 4362     	 str r3,[r0,#36]
 196 0018 0B79     	 ldrb r3,[r1,#4]
 197 001a 1B09     	 lsr r3,r3,#4
 198 001c C362     	 str r3,[r0,#44]
 199 001e 7047     	 bx lr
 201              	 .section .text.XMC_CCU4_SLICE_StartConfig,"ax",%progbits
 202              	 .align 1
 203              	 .global XMC_CCU4_SLICE_StartConfig
 204              	 .code 16
 205              	 .thumb_func
 207              	XMC_CCU4_SLICE_StartConfig:
 208 0000 10B5     	 push {r4,lr}
 209 0002 0324     	 mov r4,#3
 210 0004 4368     	 ldr r3,[r0,#4]
 211 0006 A343     	 bic r3,r4
 212 0008 1943     	 orr r1,r3
 213 000a 4160     	 str r1,[r0,#4]
 214 000c 4369     	 ldr r3,[r0,#20]
 215 000e 012A     	 cmp r2,#1
 216 0010 03D1     	 bne .L23
 217 0012 8022     	 mov r2,#128
 218 0014 D200     	 lsl r2,r2,#3
 219 0016 1343     	 orr r3,r2
 220 0018 01E0     	 b .L24
 221              	.L23:
 222 001a 024A     	 ldr r2,.L25
 223 001c 1340     	 and r3,r2
 224              	.L24:
 225 001e 4361     	 str r3,[r0,#20]
 226              	 
 227 0020 10BD     	 pop {r4,pc}
 228              	.L26:
 229 0022 C046     	 .align 2
 230              	.L25:
 231 0024 FFFBFFFF 	 .word -1025
 233              	 .section .text.XMC_CCU4_SLICE_StopConfig,"ax",%progbits
 234              	 .align 1
 235              	 .global XMC_CCU4_SLICE_StopConfig
 236              	 .code 16
 237              	 .thumb_func
 239              	XMC_CCU4_SLICE_StopConfig:
 240 0000 10B5     	 push {r4,lr}
 241 0002 0C24     	 mov r4,#12
 242 0004 4368     	 ldr r3,[r0,#4]
 243 0006 8900     	 lsl r1,r1,#2
 244 0008 A343     	 bic r3,r4
 245 000a 1943     	 orr r1,r3
 246 000c 4160     	 str r1,[r0,#4]
 247 000e 4169     	 ldr r1,[r0,#20]
 248 0010 024B     	 ldr r3,.L28
 249 0012 1202     	 lsl r2,r2,#8
 250 0014 0B40     	 and r3,r1
 251 0016 1A43     	 orr r2,r3
 252 0018 4261     	 str r2,[r0,#20]
 253              	 
 254 001a 10BD     	 pop {r4,pc}
 255              	.L29:
 256              	 .align 2
 257              	.L28:
 258 001c FFFCFFFF 	 .word -769
 260              	 .section .text.XMC_CCU4_SLICE_LoadConfig,"ax",%progbits
 261              	 .align 1
 262              	 .global XMC_CCU4_SLICE_LoadConfig
 263              	 .code 16
 264              	 .thumb_func
 266              	XMC_CCU4_SLICE_LoadConfig:
 267 0000 4268     	 ldr r2,[r0,#4]
 268 0002 034B     	 ldr r3,.L31
 269 0004 0903     	 lsl r1,r1,#12
 270 0006 1340     	 and r3,r2
 271 0008 1943     	 orr r1,r3
 272 000a 4160     	 str r1,[r0,#4]
 273              	 
 274 000c 7047     	 bx lr
 275              	.L32:
 276 000e C046     	 .align 2
 277              	.L31:
 278 0010 FFCFFFFF 	 .word -12289
 280              	 .section .text.XMC_CCU4_SLICE_ModulationConfig,"ax",%progbits
 281              	 .align 1
 282              	 .global XMC_CCU4_SLICE_ModulationConfig
 283              	 .code 16
 284              	 .thumb_func
 286              	XMC_CCU4_SLICE_ModulationConfig:
 287 0000 70B5     	 push {r4,r5,r6,lr}
 288 0002 4469     	 ldr r4,[r0,#20]
 289 0004 0B4D     	 ldr r5,.L38
 290 0006 4668     	 ldr r6,[r0,#4]
 291 0008 8904     	 lsl r1,r1,#18
 292 000a 3540     	 and r5,r6
 293 000c 2943     	 orr r1,r5
 294 000e 4160     	 str r1,[r0,#4]
 295 0010 012A     	 cmp r2,#1
 296 0012 03D1     	 bne .L34
 297 0014 8022     	 mov r2,#128
 298 0016 5204     	 lsl r2,r2,#17
 299 0018 2243     	 orr r2,r4
 300 001a 01E0     	 b .L35
 301              	.L34:
 302 001c 064A     	 ldr r2,.L38+4
 303 001e 2240     	 and r2,r4
 304              	.L35:
 305 0020 002B     	 cmp r3,#0
 306 0022 03D0     	 beq .L36
 307 0024 8023     	 mov r3,#128
 308 0026 1B04     	 lsl r3,r3,#16
 309 0028 1A43     	 orr r2,r3
 310 002a 01E0     	 b .L37
 311              	.L36:
 312 002c 034B     	 ldr r3,.L38+8
 313 002e 1A40     	 and r2,r3
 314              	.L37:
 315 0030 4261     	 str r2,[r0,#20]
 316              	 
 317 0032 70BD     	 pop {r4,r5,r6,pc}
 318              	.L39:
 319              	 .align 2
 320              	.L38:
 321 0034 FFFFF3FF 	 .word -786433
 322 0038 FFFFFFFE 	 .word -16777217
 323 003c FFFF7FFF 	 .word -8388609
 325              	 .section .text.XMC_CCU4_SLICE_CountConfig,"ax",%progbits
 326              	 .align 1
 327              	 .global XMC_CCU4_SLICE_CountConfig
 328              	 .code 16
 329              	 .thumb_func
 331              	XMC_CCU4_SLICE_CountConfig:
 332 0000 4268     	 ldr r2,[r0,#4]
 333 0002 034B     	 ldr r3,.L41
 334 0004 8903     	 lsl r1,r1,#14
 335 0006 1340     	 and r3,r2
 336 0008 1943     	 orr r1,r3
 337 000a 4160     	 str r1,[r0,#4]
 338              	 
 339 000c 7047     	 bx lr
 340              	.L42:
 341 000e C046     	 .align 2
 342              	.L41:
 343 0010 FF3FFFFF 	 .word -49153
 345              	 .section .text.XMC_CCU4_SLICE_GateConfig,"ax",%progbits
 346              	 .align 1
 347              	 .global XMC_CCU4_SLICE_GateConfig
 348              	 .code 16
 349              	 .thumb_func
 351              	XMC_CCU4_SLICE_GateConfig:
 352 0000 4268     	 ldr r2,[r0,#4]
 353 0002 034B     	 ldr r3,.L44
 354 0004 0902     	 lsl r1,r1,#8
 355 0006 1340     	 and r3,r2
 356 0008 1943     	 orr r1,r3
 357 000a 4160     	 str r1,[r0,#4]
 358              	 
 359 000c 7047     	 bx lr
 360              	.L45:
 361 000e C046     	 .align 2
 362              	.L44:
 363 0010 FFFCFFFF 	 .word -769
 365              	 .section .text.XMC_CCU4_SLICE_Capture0Config,"ax",%progbits
 366              	 .align 1
 367              	 .global XMC_CCU4_SLICE_Capture0Config
 368              	 .code 16
 369              	 .thumb_func
 371              	XMC_CCU4_SLICE_Capture0Config:
 372 0000 3022     	 mov r2,#48
 373 0002 4368     	 ldr r3,[r0,#4]
 374 0004 0901     	 lsl r1,r1,#4
 375 0006 9343     	 bic r3,r2
 376 0008 1943     	 orr r1,r3
 377 000a 4160     	 str r1,[r0,#4]
 378              	 
 379 000c 7047     	 bx lr
 381              	 .section .text.XMC_CCU4_SLICE_Capture1Config,"ax",%progbits
 382              	 .align 1
 383              	 .global XMC_CCU4_SLICE_Capture1Config
 384              	 .code 16
 385              	 .thumb_func
 387              	XMC_CCU4_SLICE_Capture1Config:
 388 0000 C022     	 mov r2,#192
 389 0002 4368     	 ldr r3,[r0,#4]
 390 0004 8901     	 lsl r1,r1,#6
 391 0006 9343     	 bic r3,r2
 392 0008 1943     	 orr r1,r3
 393 000a 4160     	 str r1,[r0,#4]
 394              	 
 395 000c 7047     	 bx lr
 397              	 .section .text.XMC_CCU4_SLICE_DirectionConfig,"ax",%progbits
 398              	 .align 1
 399              	 .global XMC_CCU4_SLICE_DirectionConfig
 400              	 .code 16
 401              	 .thumb_func
 403              	XMC_CCU4_SLICE_DirectionConfig:
 404 0000 4268     	 ldr r2,[r0,#4]
 405 0002 034B     	 ldr r3,.L49
 406 0004 8902     	 lsl r1,r1,#10
 407 0006 1340     	 and r3,r2
 408 0008 1943     	 orr r1,r3
 409 000a 4160     	 str r1,[r0,#4]
 410              	 
 411 000c 7047     	 bx lr
 412              	.L50:
 413 000e C046     	 .align 2
 414              	.L49:
 415 0010 FFF3FFFF 	 .word -3073
 417              	 .section .text.XMC_CCU4_SLICE_StatusBitOverrideConfig,"ax",%progbits
 418              	 .align 1
 419              	 .global XMC_CCU4_SLICE_StatusBitOverrideConfig
 420              	 .code 16
 421              	 .thumb_func
 423              	XMC_CCU4_SLICE_StatusBitOverrideConfig:
 424 0000 8023     	 mov r3,#128
 425 0002 4268     	 ldr r2,[r0,#4]
 426 0004 5B02     	 lsl r3,r3,#9
 427 0006 1343     	 orr r3,r2
 428 0008 4360     	 str r3,[r0,#4]
 429              	 
 430 000a 7047     	 bx lr
 432              	 .section .text.XMC_CCU4_SLICE_TrapConfig,"ax",%progbits
 433              	 .align 1
 434              	 .global XMC_CCU4_SLICE_TrapConfig
 435              	 .code 16
 436              	 .thumb_func
 438              	XMC_CCU4_SLICE_TrapConfig:
 439 0000 8023     	 mov r3,#128
 440 0002 10B5     	 push {r4,lr}
 441 0004 4468     	 ldr r4,[r0,#4]
 442 0006 9B02     	 lsl r3,r3,#10
 443 0008 2343     	 orr r3,r4
 444 000a 4360     	 str r3,[r0,#4]
 445 000c 4369     	 ldr r3,[r0,#20]
 446 000e 002A     	 cmp r2,#0
 447 0010 03D0     	 beq .L53
 448 0012 8022     	 mov r2,#128
 449 0014 9203     	 lsl r2,r2,#14
 450 0016 1343     	 orr r3,r2
 451 0018 01E0     	 b .L54
 452              	.L53:
 453 001a 064A     	 ldr r2,.L57
 454 001c 1340     	 and r3,r2
 455              	.L54:
 456 001e 0129     	 cmp r1,#1
 457 0020 03D1     	 bne .L55
 458 0022 8022     	 mov r2,#128
 459 0024 D203     	 lsl r2,r2,#15
 460 0026 1343     	 orr r3,r2
 461 0028 01E0     	 b .L56
 462              	.L55:
 463 002a 034A     	 ldr r2,.L57+4
 464 002c 1340     	 and r3,r2
 465              	.L56:
 466 002e 4361     	 str r3,[r0,#20]
 467              	 
 468 0030 10BD     	 pop {r4,pc}
 469              	.L58:
 470 0032 C046     	 .align 2
 471              	.L57:
 472 0034 FFFFDFFF 	 .word -2097153
 473 0038 FFFFBFFF 	 .word -4194305
 475              	 .section .text.XMC_CCU4_SLICE_ConfigureStatusBitOverrideEvent,"ax",%progbits
 476              	 .align 1
 477              	 .global XMC_CCU4_SLICE_ConfigureStatusBitOverrideEvent
 478              	 .code 16
 479              	 .thumb_func
 481              	XMC_CCU4_SLICE_ConfigureStatusBitOverrideEvent:
 482 0000 10B5     	 push {r4,lr}
 483 0002 3024     	 mov r4,#48
 484 0004 0368     	 ldr r3,[r0]
 485              	 
 486 0006 A343     	 bic r3,r4
 487 0008 1C1C     	 mov r4,r3
 488 000a 4B78     	 ldrb r3,[r1,#1]
 489 000c 1B01     	 lsl r3,r3,#4
 490 000e 2343     	 orr r3,r4
 491 0010 134C     	 ldr r4,.L60
 492 0012 2340     	 and r3,r4
 493 0014 5478     	 ldrb r4,[r2,#1]
 494 0016 2402     	 lsl r4,r4,#8
 495 0018 2343     	 orr r3,r4
 496 001a 4024     	 mov r4,#64
 497 001c A343     	 bic r3,r4
 498 001e 8C78     	 ldrb r4,[r1,#2]
 499 0020 A401     	 lsl r4,r4,#6
 500 0022 2343     	 orr r3,r4
 501 0024 0F4C     	 ldr r4,.L60+4
 502 0026 2340     	 and r3,r4
 503 0028 9478     	 ldrb r4,[r2,#2]
 504 002a A402     	 lsl r4,r4,#10
 505 002c 2343     	 orr r3,r4
 506 002e 0E4C     	 ldr r4,.L60+8
 507 0030 2340     	 and r3,r4
 508 0032 CC78     	 ldrb r4,[r1,#3]
 509 0034 2405     	 lsl r4,r4,#20
 510 0036 2343     	 orr r3,r4
 511 0038 0C4C     	 ldr r4,.L60+12
 512 003a 2340     	 and r3,r4
 513 003c D478     	 ldrb r4,[r2,#3]
 514 003e 2406     	 lsl r4,r4,#24
 515 0040 2343     	 orr r3,r4
 516 0042 0360     	 str r3,[r0]
 517 0044 D830     	 add r0,r0,#216
 518 0046 0468     	 ldr r4,[r0]
 519 0048 094B     	 ldr r3,.L60+16
 520 004a 1278     	 ldrb r2,[r2]
 521 004c 1C40     	 and r4,r3
 522 004e 0B78     	 ldrb r3,[r1]
 523 0050 0849     	 ldr r1,.L60+20
 524 0052 1B02     	 lsl r3,r3,#8
 525 0054 2343     	 orr r3,r4
 526 0056 0B40     	 and r3,r1
 527 0058 1204     	 lsl r2,r2,#16
 528 005a 1343     	 orr r3,r2
 529 005c 0360     	 str r3,[r0]
 530 005e 10BD     	 pop {r4,pc}
 531              	.L61:
 532              	 .align 2
 533              	.L60:
 534 0060 FFFCFFFF 	 .word -769
 535 0064 FFFBFFFF 	 .word -1025
 536 0068 FFFFCFFF 	 .word -3145729
 537 006c FFFFFFFC 	 .word -50331649
 538 0070 FFC0FFFF 	 .word -16129
 539 0074 FFFFC0FF 	 .word -4128769
 541              	 .section .text.XMC_CCU4_SLICE_ConfigureEvent,"ax",%progbits
 542              	 .align 1
 543              	 .global XMC_CCU4_SLICE_ConfigureEvent
 544              	 .code 16
 545              	 .thumb_func
 547              	XMC_CCU4_SLICE_ConfigureEvent:
 548 0000 F0B5     	 push {r4,r5,r6,r7,lr}
 549 0002 0326     	 mov r6,#3
 550 0004 351C     	 mov r5,r6
 551 0006 0139     	 sub r1,r1,#1
 552 0008 C9B2     	 uxtb r1,r1
 553 000a 8B00     	 lsl r3,r1,#2
 554 000c DBB2     	 uxtb r3,r3
 555 000e 9D40     	 lsl r5,r5,r3
 556 0010 0468     	 ldr r4,[r0]
 557 0012 0127     	 mov r7,#1
 558 0014 AC43     	 bic r4,r5
 559 0016 5578     	 ldrb r5,[r2,#1]
 560 0018 C900     	 lsl r1,r1,#3
 561 001a 9D40     	 lsl r5,r5,r3
 562 001c 2C43     	 orr r4,r5
 563 001e 9D1C     	 add r5,r3,#2
 564 0020 EDB2     	 uxtb r5,r5
 565 0022 AF40     	 lsl r7,r7,r5
 566 0024 BC43     	 bic r4,r7
 567 0026 9778     	 ldrb r7,[r2,#2]
 568 0028 1033     	 add r3,r3,#16
 569 002a AF40     	 lsl r7,r7,r5
 570 002c D578     	 ldrb r5,[r2,#3]
 571 002e DBB2     	 uxtb r3,r3
 572 0030 9E40     	 lsl r6,r6,r3
 573 0032 9D40     	 lsl r5,r5,r3
 574 0034 3F23     	 mov r3,#63
 575 0036 C9B2     	 uxtb r1,r1
 576 0038 8B40     	 lsl r3,r3,r1
 577 003a 3C43     	 orr r4,r7
 578 003c B443     	 bic r4,r6
 579 003e 2C43     	 orr r4,r5
 580 0040 0460     	 str r4,[r0]
 581 0042 D830     	 add r0,r0,#216
 582 0044 0468     	 ldr r4,[r0]
 583              	 
 584 0046 9C43     	 bic r4,r3
 585 0048 1378     	 ldrb r3,[r2]
 586 004a 8B40     	 lsl r3,r3,r1
 587 004c 191C     	 mov r1,r3
 588 004e 2143     	 orr r1,r4
 589 0050 0160     	 str r1,[r0]
 590 0052 F0BD     	 pop {r4,r5,r6,r7,pc}
 592              	 .section .text.XMC_CCU4_SLICE_SetInput,"ax",%progbits
 593              	 .align 1
 594              	 .global XMC_CCU4_SLICE_SetInput
 595              	 .code 16
 596              	 .thumb_func
 598              	XMC_CCU4_SLICE_SetInput:
 599 0000 10B5     	 push {r4,lr}
 600 0002 3F24     	 mov r4,#63
 601 0004 0139     	 sub r1,r1,#1
 602 0006 C900     	 lsl r1,r1,#3
 603 0008 C9B2     	 uxtb r1,r1
 604 000a 8C40     	 lsl r4,r4,r1
 605 000c 8A40     	 lsl r2,r2,r1
 606 000e D830     	 add r0,r0,#216
 607 0010 0368     	 ldr r3,[r0]
 608              	 
 609 0012 A343     	 bic r3,r4
 610 0014 1343     	 orr r3,r2
 611 0016 0360     	 str r3,[r0]
 612 0018 10BD     	 pop {r4,pc}
 614              	 .section .text.XMC_CCU4_SLICE_SetTimerRepeatMode,"ax",%progbits
 615              	 .align 1
 616              	 .global XMC_CCU4_SLICE_SetTimerRepeatMode
 617              	 .code 16
 618              	 .thumb_func
 620              	XMC_CCU4_SLICE_SetTimerRepeatMode:
 621 0000 0222     	 mov r2,#2
 622 0002 4369     	 ldr r3,[r0,#20]
 623 0004 0029     	 cmp r1,#0
 624 0006 01D1     	 bne .L65
 625 0008 9343     	 bic r3,r2
 626 000a 00E0     	 b .L67
 627              	.L65:
 628 000c 1343     	 orr r3,r2
 629              	.L67:
 630 000e 4361     	 str r3,[r0,#20]
 631              	 
 632 0010 7047     	 bx lr
 634              	 .section .text.XMC_CCU4_SLICE_SetTimerCountingMode,"ax",%progbits
 635              	 .align 1
 636              	 .global XMC_CCU4_SLICE_SetTimerCountingMode
 637              	 .code 16
 638              	 .thumb_func
 640              	XMC_CCU4_SLICE_SetTimerCountingMode:
 641 0000 0122     	 mov r2,#1
 642 0002 4369     	 ldr r3,[r0,#20]
 643 0004 0029     	 cmp r1,#0
 644 0006 01D1     	 bne .L69
 645 0008 9343     	 bic r3,r2
 646 000a 00E0     	 b .L71
 647              	.L69:
 648 000c 1343     	 orr r3,r2
 649              	.L71:
 650 000e 4361     	 str r3,[r0,#20]
 651              	 
 652 0010 7047     	 bx lr
 654              	 .section .text.XMC_CCU4_SLICE_GetCaptureRegisterValue,"ax",%progbits
 655              	 .align 1
 656              	 .global XMC_CCU4_SLICE_GetCaptureRegisterValue
 657              	 .code 16
 658              	 .thumb_func
 660              	XMC_CCU4_SLICE_GetCaptureRegisterValue:
 661 0000 1C31     	 add r1,r1,#28
 662 0002 8900     	 lsl r1,r1,#2
 663 0004 4018     	 add r0,r0,r1
 664 0006 4068     	 ldr r0,[r0,#4]
 665              	 
 666 0008 7047     	 bx lr
 668              	 .section .text.XMC_CCU4_SLICE_GetLastCapturedTimerValue,"ax",%progbits
 669              	 .align 1
 670              	 .global XMC_CCU4_SLICE_GetLastCapturedTimerValue
 671              	 .code 16
 672              	 .thumb_func
 674              	XMC_CCU4_SLICE_GetLastCapturedTimerValue:
 675 0000 1023     	 mov r3,#16
 676 0002 30B5     	 push {r4,r5,lr}
 677 0004 4469     	 ldr r4,[r0,#20]
 678 0006 2340     	 and r3,r4
 679 0008 05D1     	 bne .L79
 680 000a 0224     	 mov r4,#2
 681 000c 0129     	 cmp r1,#1
 682 000e 07D1     	 bne .L75
 683 0010 0424     	 mov r4,#4
 684 0012 0223     	 mov r3,#2
 685 0014 04E0     	 b .L75
 686              	.L79:
 687 0016 0424     	 mov r4,#4
 688 0018 0023     	 mov r3,#0
 689 001a 01E0     	 b .L75
 690              	.L76:
 691 001c 0133     	 add r3,r3,#1
 692 001e DBB2     	 uxtb r3,r3
 693              	.L75:
 694 0020 A342     	 cmp r3,r4
 695 0022 0AD0     	 beq .L81
 696 0024 191C     	 mov r1,r3
 697 0026 1C31     	 add r1,r1,#28
 698 0028 8900     	 lsl r1,r1,#2
 699 002a 4118     	 add r1,r0,r1
 700 002c 4D68     	 ldr r5,[r1,#4]
 701 002e ED02     	 lsl r5,r5,#11
 702 0030 F4D5     	 bpl .L76
 703 0032 4B68     	 ldr r3,[r1,#4]
 704 0034 0020     	 mov r0,#0
 705 0036 1360     	 str r3,[r2]
 706 0038 00E0     	 b .L77
 707              	.L81:
 708 003a 0120     	 mov r0,#1
 709              	.L77:
 710              	 
 711 003c 30BD     	 pop {r4,r5,pc}
 713              	 .section .text.XMC_CCU4_SLICE_GetCapturedValueFromFifo,"ax",%progbits
 714              	 .align 1
 715              	 .global XMC_CCU4_SLICE_GetCapturedValueFromFifo
 716              	 .code 16
 717              	 .thumb_func
 719              	XMC_CCU4_SLICE_GetCapturedValueFromFifo:
 720 0000 0029     	 cmp r1,#0
 721 0002 01D1     	 bne .L83
 722 0004 B830     	 add r0,r0,#184
 723 0006 00E0     	 b .L85
 724              	.L83:
 725 0008 BC30     	 add r0,r0,#188
 726              	.L85:
 727 000a 0068     	 ldr r0,[r0]
 728              	 
 729 000c 7047     	 bx lr
 731              	 .section .text.XMC_CCU4_SLICE_EnableDithering,"ax",%progbits
 732              	 .align 1
 733              	 .global XMC_CCU4_SLICE_EnableDithering
 734              	 .code 16
 735              	 .thumb_func
 737              	XMC_CCU4_SLICE_EnableDithering:
 738 0000 30B5     	 push {r4,r5,lr}
 739 0002 4569     	 ldr r5,[r0,#20]
 740 0004 074C     	 ldr r4,.L95
 741 0006 2C40     	 and r4,r5
 742 0008 0029     	 cmp r1,#0
 743 000a 02D0     	 beq .L87
 744 000c 8021     	 mov r1,#128
 745 000e 8901     	 lsl r1,r1,#6
 746 0010 0C43     	 orr r4,r1
 747              	.L87:
 748 0012 002A     	 cmp r2,#0
 749 0014 02D0     	 beq .L88
 750 0016 8022     	 mov r2,#128
 751 0018 D201     	 lsl r2,r2,#7
 752 001a 1443     	 orr r4,r2
 753              	.L88:
 754 001c 4461     	 str r4,[r0,#20]
 755              	 
 756 001e 0362     	 str r3,[r0,#32]
 757 0020 30BD     	 pop {r4,r5,pc}
 758              	.L96:
 759 0022 C046     	 .align 2
 760              	.L95:
 761 0024 FF9FFFFF 	 .word -24577
 763              	 .section .text.XMC_CCU4_SLICE_SetPrescaler,"ax",%progbits
 764              	 .align 1
 765              	 .global XMC_CCU4_SLICE_SetPrescaler
 766              	 .code 16
 767              	 .thumb_func
 769              	XMC_CCU4_SLICE_SetPrescaler:
 770 0000 826A     	 ldr r2,[r0,#40]
 771 0002 034B     	 ldr r3,.L98
 772              	 
 773 0004 1340     	 and r3,r2
 774 0006 0A02     	 lsl r2,r1,#8
 775 0008 1343     	 orr r3,r2
 776 000a 8362     	 str r3,[r0,#40]
 777 000c 4162     	 str r1,[r0,#36]
 778 000e 7047     	 bx lr
 779              	.L99:
 780              	 .align 2
 781              	.L98:
 782 0010 FFF0FFFF 	 .word -3841
 784              	 .section .text.XMC_CCU4_SLICE_SetInterruptNode,"ax",%progbits
 785              	 .align 1
 786              	 .global XMC_CCU4_SLICE_SetInterruptNode
 787              	 .code 16
 788              	 .thumb_func
 790              	XMC_CCU4_SLICE_SetInterruptNode:
 791 0000 10B5     	 push {r4,lr}
 792 0002 0B29     	 cmp r1,#11
 793 0004 0CD8     	 bhi .L100
 794 0006 074B     	 ldr r3,.L105
 795 0008 5C56     	 ldrsb r4,[r3,r1]
 796 000a 074B     	 ldr r3,.L105+4
 797 000c 4900     	 lsl r1,r1,#1
 798 000e C95A     	 ldrh r1,[r1,r3]
 799 0010 0029     	 cmp r1,#0
 800 0012 05D0     	 beq .L100
 801 0014 A240     	 lsl r2,r2,r4
 802 0016 A830     	 add r0,r0,#168
 803 0018 0368     	 ldr r3,[r0]
 804 001a 8B43     	 bic r3,r1
 805 001c 1A43     	 orr r2,r3
 806 001e 0260     	 str r2,[r0]
 807              	.L100:
 808              	 
 809 0020 10BD     	 pop {r4,pc}
 810              	.L106:
 811 0022 C046     	 .align 2
 812              	.L105:
 813 0024 00000000 	 .word .LANCHOR0
 814 0028 00000000 	 .word .LANCHOR1
 816              	 .section .text.XMC_CCU4_SLICE_SetPassiveLevel,"ax",%progbits
 817              	 .align 1
 818              	 .global XMC_CCU4_SLICE_SetPassiveLevel
 819              	 .code 16
 820              	 .thumb_func
 822              	XMC_CCU4_SLICE_SetPassiveLevel:
 823 0000 0122     	 mov r2,#1
 824 0002 8369     	 ldr r3,[r0,#24]
 825              	 
 826 0004 9343     	 bic r3,r2
 827 0006 1943     	 orr r1,r3
 828 0008 8161     	 str r1,[r0,#24]
 829 000a 7047     	 bx lr
 831              	 .section .rodata.CSWTCH.34,"a",%progbits
 832              	 .set .LANCHOR0,.+0
 835              	CSWTCH.34:
 836 0000 00       	 .byte 0
 837 0001 00       	 .byte 0
 838 0002 02       	 .byte 2
 839 0003 02       	 .byte 2
 840 0004 00       	 .byte 0
 841 0005 00       	 .byte 0
 842 0006 00       	 .byte 0
 843 0007 00       	 .byte 0
 844 0008 08       	 .byte 8
 845 0009 0A       	 .byte 10
 846 000a 0C       	 .byte 12
 847 000b 0C       	 .byte 12
 848              	 .section .rodata.CSWTCH.35,"a",%progbits
 849              	 .align 1
 850              	 .set .LANCHOR1,.+0
 853              	CSWTCH.35:
 854 0000 0300     	 .short 3
 855 0002 0300     	 .short 3
 856 0004 0C00     	 .short 12
 857 0006 0C00     	 .short 12
 858 0008 0000     	 .short 0
 859 000a 0000     	 .short 0
 860 000c 0000     	 .short 0
 861 000e 0000     	 .short 0
 862 0010 0003     	 .short 768
 863 0012 000C     	 .short 3072
 864 0014 0030     	 .short 12288
 865 0016 0030     	 .short 12288
 866              	 .ident "GCC: (GNU Tools for ARM Embedded Processors) 4.9.3 20141119 (release) [ARM/embedded-4_9-branch revision 218278]"
DEFINED SYMBOLS
                            *ABS*:00000000 xmc_ccu4.c
    {standard input}:15     .text.XMC_CCU4_lUngateClock:00000000 $t
    {standard input}:19     .text.XMC_CCU4_lUngateClock:00000000 XMC_CCU4_lUngateClock
    {standard input}:40     .text.XMC_CCU4_lUngateClock:0000001c $d
    {standard input}:44     .text.XMC_CCU4_EnableModule:00000000 $t
    {standard input}:49     .text.XMC_CCU4_EnableModule:00000000 XMC_CCU4_EnableModule
    {standard input}:56     .text.XMC_CCU4_DisableModule:00000000 $t
    {standard input}:61     .text.XMC_CCU4_DisableModule:00000000 XMC_CCU4_DisableModule
    {standard input}:82     .text.XMC_CCU4_DisableModule:0000001c $d
    {standard input}:86     .text.XMC_CCU4_Init:00000000 $t
    {standard input}:91     .text.XMC_CCU4_Init:00000000 XMC_CCU4_Init
    {standard input}:110    .text.XMC_CCU4_Init:00000020 $d
    {standard input}:113    .text.XMC_CCU4_SetModuleClock:00000000 $t
    {standard input}:118    .text.XMC_CCU4_SetModuleClock:00000000 XMC_CCU4_SetModuleClock
    {standard input}:129    .text.XMC_CCU4_SetMultiChannelShadowTransferMode:00000000 $t
    {standard input}:134    .text.XMC_CCU4_SetMultiChannelShadowTransferMode:00000000 XMC_CCU4_SetMultiChannelShadowTransferMode
    {standard input}:145    .text.XMC_CCU4_SLICE_CompareInit:00000000 $t
    {standard input}:150    .text.XMC_CCU4_SLICE_CompareInit:00000000 XMC_CCU4_SLICE_CompareInit
    {standard input}:177    .text.XMC_CCU4_SLICE_CaptureInit:00000000 $t
    {standard input}:182    .text.XMC_CCU4_SLICE_CaptureInit:00000000 XMC_CCU4_SLICE_CaptureInit
    {standard input}:202    .text.XMC_CCU4_SLICE_StartConfig:00000000 $t
    {standard input}:207    .text.XMC_CCU4_SLICE_StartConfig:00000000 XMC_CCU4_SLICE_StartConfig
    {standard input}:231    .text.XMC_CCU4_SLICE_StartConfig:00000024 $d
    {standard input}:234    .text.XMC_CCU4_SLICE_StopConfig:00000000 $t
    {standard input}:239    .text.XMC_CCU4_SLICE_StopConfig:00000000 XMC_CCU4_SLICE_StopConfig
    {standard input}:258    .text.XMC_CCU4_SLICE_StopConfig:0000001c $d
    {standard input}:261    .text.XMC_CCU4_SLICE_LoadConfig:00000000 $t
    {standard input}:266    .text.XMC_CCU4_SLICE_LoadConfig:00000000 XMC_CCU4_SLICE_LoadConfig
    {standard input}:278    .text.XMC_CCU4_SLICE_LoadConfig:00000010 $d
    {standard input}:281    .text.XMC_CCU4_SLICE_ModulationConfig:00000000 $t
    {standard input}:286    .text.XMC_CCU4_SLICE_ModulationConfig:00000000 XMC_CCU4_SLICE_ModulationConfig
    {standard input}:321    .text.XMC_CCU4_SLICE_ModulationConfig:00000034 $d
    {standard input}:326    .text.XMC_CCU4_SLICE_CountConfig:00000000 $t
    {standard input}:331    .text.XMC_CCU4_SLICE_CountConfig:00000000 XMC_CCU4_SLICE_CountConfig
    {standard input}:343    .text.XMC_CCU4_SLICE_CountConfig:00000010 $d
    {standard input}:346    .text.XMC_CCU4_SLICE_GateConfig:00000000 $t
    {standard input}:351    .text.XMC_CCU4_SLICE_GateConfig:00000000 XMC_CCU4_SLICE_GateConfig
    {standard input}:363    .text.XMC_CCU4_SLICE_GateConfig:00000010 $d
    {standard input}:366    .text.XMC_CCU4_SLICE_Capture0Config:00000000 $t
    {standard input}:371    .text.XMC_CCU4_SLICE_Capture0Config:00000000 XMC_CCU4_SLICE_Capture0Config
    {standard input}:382    .text.XMC_CCU4_SLICE_Capture1Config:00000000 $t
    {standard input}:387    .text.XMC_CCU4_SLICE_Capture1Config:00000000 XMC_CCU4_SLICE_Capture1Config
    {standard input}:398    .text.XMC_CCU4_SLICE_DirectionConfig:00000000 $t
    {standard input}:403    .text.XMC_CCU4_SLICE_DirectionConfig:00000000 XMC_CCU4_SLICE_DirectionConfig
    {standard input}:415    .text.XMC_CCU4_SLICE_DirectionConfig:00000010 $d
    {standard input}:418    .text.XMC_CCU4_SLICE_StatusBitOverrideConfig:00000000 $t
    {standard input}:423    .text.XMC_CCU4_SLICE_StatusBitOverrideConfig:00000000 XMC_CCU4_SLICE_StatusBitOverrideConfig
    {standard input}:433    .text.XMC_CCU4_SLICE_TrapConfig:00000000 $t
    {standard input}:438    .text.XMC_CCU4_SLICE_TrapConfig:00000000 XMC_CCU4_SLICE_TrapConfig
    {standard input}:472    .text.XMC_CCU4_SLICE_TrapConfig:00000034 $d
    {standard input}:476    .text.XMC_CCU4_SLICE_ConfigureStatusBitOverrideEvent:00000000 $t
    {standard input}:481    .text.XMC_CCU4_SLICE_ConfigureStatusBitOverrideEvent:00000000 XMC_CCU4_SLICE_ConfigureStatusBitOverrideEvent
    {standard input}:534    .text.XMC_CCU4_SLICE_ConfigureStatusBitOverrideEvent:00000060 $d
    {standard input}:542    .text.XMC_CCU4_SLICE_ConfigureEvent:00000000 $t
    {standard input}:547    .text.XMC_CCU4_SLICE_ConfigureEvent:00000000 XMC_CCU4_SLICE_ConfigureEvent
    {standard input}:593    .text.XMC_CCU4_SLICE_SetInput:00000000 $t
    {standard input}:598    .text.XMC_CCU4_SLICE_SetInput:00000000 XMC_CCU4_SLICE_SetInput
    {standard input}:615    .text.XMC_CCU4_SLICE_SetTimerRepeatMode:00000000 $t
    {standard input}:620    .text.XMC_CCU4_SLICE_SetTimerRepeatMode:00000000 XMC_CCU4_SLICE_SetTimerRepeatMode
    {standard input}:635    .text.XMC_CCU4_SLICE_SetTimerCountingMode:00000000 $t
    {standard input}:640    .text.XMC_CCU4_SLICE_SetTimerCountingMode:00000000 XMC_CCU4_SLICE_SetTimerCountingMode
    {standard input}:655    .text.XMC_CCU4_SLICE_GetCaptureRegisterValue:00000000 $t
    {standard input}:660    .text.XMC_CCU4_SLICE_GetCaptureRegisterValue:00000000 XMC_CCU4_SLICE_GetCaptureRegisterValue
    {standard input}:669    .text.XMC_CCU4_SLICE_GetLastCapturedTimerValue:00000000 $t
    {standard input}:674    .text.XMC_CCU4_SLICE_GetLastCapturedTimerValue:00000000 XMC_CCU4_SLICE_GetLastCapturedTimerValue
    {standard input}:714    .text.XMC_CCU4_SLICE_GetCapturedValueFromFifo:00000000 $t
    {standard input}:719    .text.XMC_CCU4_SLICE_GetCapturedValueFromFifo:00000000 XMC_CCU4_SLICE_GetCapturedValueFromFifo
    {standard input}:732    .text.XMC_CCU4_SLICE_EnableDithering:00000000 $t
    {standard input}:737    .text.XMC_CCU4_SLICE_EnableDithering:00000000 XMC_CCU4_SLICE_EnableDithering
    {standard input}:761    .text.XMC_CCU4_SLICE_EnableDithering:00000024 $d
    {standard input}:764    .text.XMC_CCU4_SLICE_SetPrescaler:00000000 $t
    {standard input}:769    .text.XMC_CCU4_SLICE_SetPrescaler:00000000 XMC_CCU4_SLICE_SetPrescaler
    {standard input}:782    .text.XMC_CCU4_SLICE_SetPrescaler:00000010 $d
    {standard input}:785    .text.XMC_CCU4_SLICE_SetInterruptNode:00000000 $t
    {standard input}:790    .text.XMC_CCU4_SLICE_SetInterruptNode:00000000 XMC_CCU4_SLICE_SetInterruptNode
    {standard input}:813    .text.XMC_CCU4_SLICE_SetInterruptNode:00000024 $d
    {standard input}:817    .text.XMC_CCU4_SLICE_SetPassiveLevel:00000000 $t
    {standard input}:822    .text.XMC_CCU4_SLICE_SetPassiveLevel:00000000 XMC_CCU4_SLICE_SetPassiveLevel
    {standard input}:835    .rodata.CSWTCH.34:00000000 CSWTCH.34
    {standard input}:849    .rodata.CSWTCH.35:00000000 $d
    {standard input}:853    .rodata.CSWTCH.35:00000000 CSWTCH.35

UNDEFINED SYMBOLS
XMC_SCU_CLOCK_UngatePeripheralClock
XMC_SCU_CLOCK_GatePeripheralClock
